------------------------------------------------------------
TimeQuest Timing Analyzer Summary
------------------------------------------------------------

Type  : Slow 1200mV 85C Model Setup 'u6|altpll_component|auto_generated|pll1|clk[3]'
Slack : -28.976
TNS   : -34254.704

Type  : Slow 1200mV 85C Model Setup 'CLOCK2_50'
Slack : 15.297
TNS   : 0.000

Type  : Slow 1200mV 85C Model Hold 'u6|altpll_component|auto_generated|pll1|clk[3]'
Slack : 0.403
TNS   : 0.000

Type  : Slow 1200mV 85C Model Hold 'CLOCK2_50'
Slack : 0.407
TNS   : 0.000

Type  : Slow 1200mV 85C Model Recovery 'u6|altpll_component|auto_generated|pll1|clk[3]'
Slack : 9.521
TNS   : 0.000

Type  : Slow 1200mV 85C Model Removal 'u6|altpll_component|auto_generated|pll1|clk[3]'
Slack : 9.165
TNS   : 0.000

Type  : Slow 1200mV 85C Model Minimum Pulse Width 'CLOCK2_50'
Slack : 9.688
TNS   : 0.000

Type  : Slow 1200mV 85C Model Minimum Pulse Width 'CLOCK3_50'
Slack : 16.000
TNS   : 0.000

Type  : Slow 1200mV 85C Model Minimum Pulse Width 'CLOCK_50'
Slack : 16.000
TNS   : 0.000

Type  : Slow 1200mV 85C Model Minimum Pulse Width 'u6|altpll_component|auto_generated|pll1|clk[3]'
Slack : 19.725
TNS   : 0.000

Type  : Slow 1200mV 0C Model Setup 'u6|altpll_component|auto_generated|pll1|clk[3]'
Slack : -22.227
TNS   : -22582.292

Type  : Slow 1200mV 0C Model Setup 'CLOCK2_50'
Slack : 15.765
TNS   : 0.000

Type  : Slow 1200mV 0C Model Hold 'u6|altpll_component|auto_generated|pll1|clk[3]'
Slack : 0.355
TNS   : 0.000

Type  : Slow 1200mV 0C Model Hold 'CLOCK2_50'
Slack : 0.365
TNS   : 0.000

Type  : Slow 1200mV 0C Model Recovery 'u6|altpll_component|auto_generated|pll1|clk[3]'
Slack : 10.421
TNS   : 0.000

Type  : Slow 1200mV 0C Model Removal 'u6|altpll_component|auto_generated|pll1|clk[3]'
Slack : 8.194
TNS   : 0.000

Type  : Slow 1200mV 0C Model Minimum Pulse Width 'CLOCK2_50'
Slack : 9.694
TNS   : 0.000

Type  : Slow 1200mV 0C Model Minimum Pulse Width 'CLOCK3_50'
Slack : 16.000
TNS   : 0.000

Type  : Slow 1200mV 0C Model Minimum Pulse Width 'CLOCK_50'
Slack : 16.000
TNS   : 0.000

Type  : Slow 1200mV 0C Model Minimum Pulse Width 'u6|altpll_component|auto_generated|pll1|clk[3]'
Slack : 19.725
TNS   : 0.000

Type  : Fast 1200mV 0C Model Setup 'u6|altpll_component|auto_generated|pll1|clk[3]'
Slack : 5.862
TNS   : 0.000

Type  : Fast 1200mV 0C Model Setup 'CLOCK2_50'
Slack : 17.660
TNS   : 0.000

Type  : Fast 1200mV 0C Model Hold 'u6|altpll_component|auto_generated|pll1|clk[3]'
Slack : 0.178
TNS   : 0.000

Type  : Fast 1200mV 0C Model Hold 'CLOCK2_50'
Slack : 0.188
TNS   : 0.000

Type  : Fast 1200mV 0C Model Recovery 'u6|altpll_component|auto_generated|pll1|clk[3]'
Slack : 14.244
TNS   : 0.000

Type  : Fast 1200mV 0C Model Removal 'u6|altpll_component|auto_generated|pll1|clk[3]'
Slack : 4.573
TNS   : 0.000

Type  : Fast 1200mV 0C Model Minimum Pulse Width 'CLOCK2_50'
Slack : 9.273
TNS   : 0.000

Type  : Fast 1200mV 0C Model Minimum Pulse Width 'CLOCK3_50'
Slack : 16.000
TNS   : 0.000

Type  : Fast 1200mV 0C Model Minimum Pulse Width 'CLOCK_50'
Slack : 16.000
TNS   : 0.000

Type  : Fast 1200mV 0C Model Minimum Pulse Width 'u6|altpll_component|auto_generated|pll1|clk[3]'
Slack : 19.750
TNS   : 0.000

------------------------------------------------------------
